[INFO ] 2026-06-08 19:35:35,354 [main]  com.oltpbenchmark.DBWorkload main - ======================================================================

Benchmark:                       TPCC {com.oltpbenchmark.benchmarks.tpcc.TPCCBenchmark}
Configuration:                   /Users/neo/Documents/ecnu_courses/laboratory/TianYiYun/DB-MAGS/experiment_runs/traffic_surge_chain/20260608-112643_a80618/round_2/runtime_local_tpcc_10W_config.xml
Type:                            MYSQL
Driver:                          com.mysql.cj.jdbc.Driver
URL:                             jdbc:mysql://127.0.0.1:3306/tpcc_10W?rewriteBatchedStatements=true&allowPublicKeyRetrieval=True&sslMode=DISABLED
Isolation:                       TRANSACTION_SERIALIZABLE
Batch Size:                      128
DDL Path:                        null
Loader Threads:                  10
Session Setup File:              null
Scale Factor:                    1.0
Terminals:                       16
New Connection Per Txn:          false
Reconnect on Connection Failure: true

[INFO ] 2026-06-08 19:35:35,355 [main]  com.oltpbenchmark.DBWorkload main - ======================================================================
[INFO ] 2026-06-08 19:35:35,631 [main]  com.oltpbenchmark.DBWorkload runWorkload - Creating 16 virtual terminals...
[INFO ] 2026-06-08 19:35:35,665 [main]  com.oltpbenchmark.DBWorkload runWorkload - Launching the TPCC Benchmark with 1 Phase...
[INFO ] 2026-06-08 19:35:35,678 [main]  com.oltpbenchmark.ThreadBench runRateLimitedMultiPhase - [0;1mPHASE START[0;0m :: [Workload=TPCC] [Serial=false] [Time=180] [WarmupTime=0] [Rate=10000.0] [Arrival=REGULAR] [Ratios=[45.0, 43.0, 4.0, 4.0, 4.0]] [ActiveWorkers=16]
[INFO ] 2026-06-08 19:35:35,678 [main]  com.oltpbenchmark.ThreadBench runRateLimitedMultiPhase - [0;1mMEASURE[0;0m :: Warmup complete, starting measurements.
[INFO ] 2026-06-08 19:38:35,681 [main]  com.oltpbenchmark.ThreadBench runRateLimitedMultiPhase - [0;1mTERMINATE[0;0m :: Waiting for all terminals to finish ..
[INFO ] 2026-06-08 19:38:35,733 [Thread-16]  com.oltpbenchmark.ThreadBench run - Starting WatchDogThread
[INFO ] 2026-06-08 19:38:35,772 [main]  com.oltpbenchmark.DBWorkload runWorkload - ======================================================================
[INFO ] 2026-06-08 19:38:35,772 [main]  com.oltpbenchmark.DBWorkload runWorkload - Rate limited reqs/s: Results(state=EXIT, nanoSeconds=180000006917, measuredRequests=55590) = 308.83332146555506 requests/sec (throughput), 307.46665485140636 requests/sec (goodput)
[INFO ] 2026-06-08 19:38:35,790 [main]  com.oltpbenchmark.DBWorkload writeOutputs - Output Raw data into file: tpcc_2026-06-08_19-38-35.raw.csv
[INFO ] 2026-06-08 19:38:36,103 [main]  com.oltpbenchmark.DBWorkload writeOutputs - Output samples into file: tpcc_2026-06-08_19-38-35.samples.csv
[INFO ] 2026-06-08 19:38:36,131 [main]  com.oltpbenchmark.DBWorkload writeOutputs - Output summary data into file: tpcc_2026-06-08_19-38-35.summary.json
[INFO ] 2026-06-08 19:38:36,139 [main]  com.oltpbenchmark.DBWorkload writeOutputs - Output DBMS parameters into file: tpcc_2026-06-08_19-38-35.params.json
[INFO ] 2026-06-08 19:38:36,146 [main]  com.oltpbenchmark.DBWorkload writeOutputs - Output DBMS metrics into file: tpcc_2026-06-08_19-38-35.metrics.json
[INFO ] 2026-06-08 19:38:36,149 [main]  com.oltpbenchmark.DBWorkload writeOutputs - Output benchmark config into file: tpcc_2026-06-08_19-38-35.config.xml
[INFO ] 2026-06-08 19:38:36,171 [main]  com.oltpbenchmark.DBWorkload writeOutputs - Output results into file: tpcc_2026-06-08_19-38-35.results.csv with window size 5
[INFO ] 2026-06-08 19:38:36,211 [main]  com.oltpbenchmark.DBWorkload writeHistograms - ======================================================================
[INFO ] 2026-06-08 19:38:36,211 [main]  com.oltpbenchmark.DBWorkload writeHistograms - Workload Histograms:

[0;1mCompleted Transactions:[0;0m
com.oltpbenchmark.benchmarks.tpcc.procedures.NewOrder/01                         [24727] ********************************************************************************
com.oltpbenchmark.benchmarks.tpcc.procedures.Payment/02                          [23908] *****************************************************************************
com.oltpbenchmark.benchmarks.tpcc.procedures.OrderStatus/03                      [ 2234] *******
com.oltpbenchmark.benchmarks.tpcc.procedures.Delivery/04                         [ 2254] *******
com.oltpbenchmark.benchmarks.tpcc.procedures.StockLevel/05                       [ 2221] *******

[0;1mAborted Transactions:[0;0m
com.oltpbenchmark.benchmarks.tpcc.procedures.NewOrder/01                         [ 261] ********************************************************************************

[0;1mRejected Transactions (Server Retry):[0;0m
com.oltpbenchmark.benchmarks.tpcc.procedures.NewOrder/01                         [  25] ***************************
com.oltpbenchmark.benchmarks.tpcc.procedures.Payment/02                          [   1] *
com.oltpbenchmark.benchmarks.tpcc.procedures.Delivery/04                         [  72] ********************************************************************************

[0;1mRejected Transactions (Retry Different):[0;0m
<EMPTY>

[0;1mUnexpected SQL Errors:[0;0m
<EMPTY>

[0;1mUnknown Status Transactions:[0;0m
<EMPTY>


[INFO ] 2026-06-08 19:38:36,211 [main]  com.oltpbenchmark.DBWorkload writeHistograms - ======================================================================
