time="2026-03-26 13:28:12.773692 CST" level=info msg="destroy by 37f61d3d9872b7d3 uid, force-remove: false, target: " location="/Users/runner/work/chaosblade/chaosblade/cli/cmd/destroy.go:78" uid="<nil>"
time="2026-03-26 15:51:06.086269 CST" level=info msg="destroy by dd6537055d9e82ab uid, force-remove: false, target: " location="/Users/runner/work/chaosblade/chaosblade/cli/cmd/destroy.go:78" uid="<nil>"
time="2026-03-26 15:56:00.339266 CST" level=info msg="destroy by 2cc993a295e2b67e uid, force-remove: false, target: " location="/Users/runner/work/chaosblade/chaosblade/cli/cmd/destroy.go:78" uid="<nil>"
time="2026-03-26 15:56:05.366387 CST" level=info msg="mode: create, target: cpu, action: fullload, flags map[cgroup-root:/sys/fs/cgroup channel:local climb-time: cpu-count:1 cpu-index: cpu-list: cpu-percent:95 debug: ns_mnt:false ns_net:false ns_pid:false ns_target: uid:2cc993a295e2b67e]" location="/Users/runner/work/chaosblade/chaosblade/target/cache/chaosblade-exec-os/main.go:125" uid=2cc993a295e2b67e
time="2026-03-26 15:56:05.366377 CST" level=info msg="mode: destroy, target: cpu, action: fullload, flags map[cgroup-root:/sys/fs/cgroup channel:local climb-time: cpu-count:1 cpu-index: cpu-list: cpu-percent:95 debug: ns_mnt:false ns_net:false ns_pid:false ns_target: uid:2cc993a295e2b67e]" location="/Users/runner/work/chaosblade/chaosblade/target/cache/chaosblade-exec-os/main.go:125" uid=2cc993a295e2b67e
time="2026-03-26 15:56:05.366711 CST" level=info msg="cpu count: 1, quota ratio: 1.000000" location="/Users/runner/work/chaosblade/chaosblade/target/cache/chaosblade-exec-os/exec/cpu/cpu.go:244" uid=2cc993a295e2b67e
time="2026-03-26 15:56:05.366924 CST" level=fatal msg="get cpu usage fail, not implemented yet" location="/Users/runner/work/chaosblade/chaosblade/target/cache/chaosblade-exec-os/exec/cpu/cpu_darwin.go:30" uid=2cc993a295e2b67e
time="2026-03-26 15:56:13.463474 CST" level=info msg="mode: create, target: cpu, action: fullload, flags map[cgroup-root:/sys/fs/cgroup channel:local climb-time: cpu-count:1 cpu-index: cpu-list: cpu-percent:60 debug: ns_mnt:false ns_net:false ns_pid:false ns_target: uid:b8116496b5e0b924]" location="/Users/runner/work/chaosblade/chaosblade/target/cache/chaosblade-exec-os/main.go:125" uid=b8116496b5e0b924
time="2026-03-26 15:56:13.463561 CST" level=info msg="cpu count: 1, quota ratio: 1.000000" location="/Users/runner/work/chaosblade/chaosblade/target/cache/chaosblade-exec-os/exec/cpu/cpu.go:244" uid=b8116496b5e0b924
time="2026-03-26 15:56:13.463607 CST" level=fatal msg="get cpu usage fail, not implemented yet" location="/Users/runner/work/chaosblade/chaosblade/target/cache/chaosblade-exec-os/exec/cpu/cpu_darwin.go:30" uid=b8116496b5e0b924
time="2026-03-26 15:56:14.643573 CST" level=info msg="mode: create, target: cpu, action: fullload, flags map[cgroup-root:/sys/fs/cgroup channel:local climb-time: cpu-count:1 cpu-index: cpu-list: cpu-percent:30 debug: ns_mnt:false ns_net:false ns_pid:false ns_target: uid:eb3a493bfb34c18a]" location="/Users/runner/work/chaosblade/chaosblade/target/cache/chaosblade-exec-os/main.go:125" uid=eb3a493bfb34c18a
time="2026-03-26 15:56:14.643671 CST" level=info msg="cpu count: 1, quota ratio: 1.000000" location="/Users/runner/work/chaosblade/chaosblade/target/cache/chaosblade-exec-os/exec/cpu/cpu.go:244" uid=eb3a493bfb34c18a
time="2026-03-26 15:56:14.643705 CST" level=fatal msg="get cpu usage fail, not implemented yet" location="/Users/runner/work/chaosblade/chaosblade/target/cache/chaosblade-exec-os/exec/cpu/cpu_darwin.go:30" uid=eb3a493bfb34c18a
time="2026-03-26 15:56:14.645741 CST" level=info msg="destroy by b8116496b5e0b924 uid, force-remove: false, target: " location="/Users/runner/work/chaosblade/chaosblade/cli/cmd/destroy.go:78" uid="<nil>"
time="2026-03-26 15:56:14.65004 CST" level=info msg="mode: destroy, target: cpu, action: fullload, flags map[cgroup-root:/sys/fs/cgroup channel:local climb-time: cpu-count:1 cpu-index: cpu-list: cpu-percent:60 debug: ns_mnt:false ns_net:false ns_pid:false ns_target: uid:b8116496b5e0b924]" location="/Users/runner/work/chaosblade/chaosblade/target/cache/chaosblade-exec-os/main.go:125" uid=b8116496b5e0b924
time="2026-03-26 15:56:15.824979 CST" level=info msg="destroy by eb3a493bfb34c18a uid, force-remove: false, target: " location="/Users/runner/work/chaosblade/chaosblade/cli/cmd/destroy.go:78" uid="<nil>"
time="2026-03-26 15:56:15.830439 CST" level=info msg="mode: destroy, target: cpu, action: fullload, flags map[cgroup-root:/sys/fs/cgroup channel:local climb-time: cpu-count:1 cpu-index: cpu-list: cpu-percent:30 debug: ns_mnt:false ns_net:false ns_pid:false ns_target: uid:eb3a493bfb34c18a]" location="/Users/runner/work/chaosblade/chaosblade/target/cache/chaosblade-exec-os/main.go:125" uid=eb3a493bfb34c18a
time="2026-04-07 17:20:49.10185 CST" level=info msg="mode: create, target: cpu, action: fullload, flags map[cgroup-root:/sys/fs/cgroup channel:local climb-time: cpu-count:1 cpu-index: cpu-list: cpu-percent:95 debug: ns_mnt:false ns_net:false ns_pid:false ns_target: uid:d83fe4ce739bd223]" location="/Users/runner/work/chaosblade/chaosblade/target/cache/chaosblade-exec-os/main.go:125" uid=d83fe4ce739bd223
time="2026-04-07 17:20:49.102175 CST" level=info msg="cpu count: 1, quota ratio: 1.000000" location="/Users/runner/work/chaosblade/chaosblade/target/cache/chaosblade-exec-os/exec/cpu/cpu.go:244" uid=d83fe4ce739bd223
time="2026-04-07 17:20:49.102249 CST" level=fatal msg="get cpu usage fail, not implemented yet" location="/Users/runner/work/chaosblade/chaosblade/target/cache/chaosblade-exec-os/exec/cpu/cpu_darwin.go:30" uid=d83fe4ce739bd223
time="2026-04-07 17:20:51.241392 CST" level=info msg="destroy by d83fe4ce739bd223 uid, force-remove: false, target: " location="/Users/runner/work/chaosblade/chaosblade/cli/cmd/destroy.go:78" uid="<nil>"
time="2026-04-07 17:20:51.247419 CST" level=info msg="mode: destroy, target: cpu, action: fullload, flags map[cgroup-root:/sys/fs/cgroup channel:local climb-time: cpu-count:1 cpu-index: cpu-list: cpu-percent:95 debug: ns_mnt:false ns_net:false ns_pid:false ns_target: uid:d83fe4ce739bd223]" location="/Users/runner/work/chaosblade/chaosblade/target/cache/chaosblade-exec-os/main.go:125" uid=d83fe4ce739bd223
time="2026-04-07 17:21:27.281074 CST" level=info msg="mode: create, target: cpu, action: fullload, flags map[cgroup-root:/sys/fs/cgroup channel:local climb-time: cpu-count:1 cpu-index: cpu-list: cpu-percent:95 debug: ns_mnt:false ns_net:false ns_pid:false ns_target: uid:7689562343a99f4e]" location="/Users/runner/work/chaosblade/chaosblade/target/cache/chaosblade-exec-os/main.go:125" uid=7689562343a99f4e
time="2026-04-07 17:21:27.282593 CST" level=info msg="cpu count: 1, quota ratio: 1.000000" location="/Users/runner/work/chaosblade/chaosblade/target/cache/chaosblade-exec-os/exec/cpu/cpu.go:244" uid=7689562343a99f4e
time="2026-04-07 17:21:27.282655 CST" level=fatal msg="get cpu usage fail, not implemented yet" location="/Users/runner/work/chaosblade/chaosblade/target/cache/chaosblade-exec-os/exec/cpu/cpu_darwin.go:30" uid=7689562343a99f4e
time="2026-04-07 17:21:29.481526 CST" level=info msg="destroy by 7689562343a99f4e uid, force-remove: false, target: " location="/Users/runner/work/chaosblade/chaosblade/cli/cmd/destroy.go:78" uid="<nil>"
time="2026-04-07 17:21:29.487257 CST" level=info msg="mode: destroy, target: cpu, action: fullload, flags map[cgroup-root:/sys/fs/cgroup channel:local climb-time: cpu-count:1 cpu-index: cpu-list: cpu-percent:95 debug: ns_mnt:false ns_net:false ns_pid:false ns_target: uid:7689562343a99f4e]" location="/Users/runner/work/chaosblade/chaosblade/target/cache/chaosblade-exec-os/main.go:125" uid=7689562343a99f4e
time="2026-04-07 17:26:03.487331 CST" level=info msg="mode: create, target: cpu, action: fullload, flags map[cgroup-root:/sys/fs/cgroup channel:local climb-time: cpu-count:1 cpu-index: cpu-list: cpu-percent:30 debug: ns_mnt:false ns_net:false ns_pid:false ns_target: uid:c3f032f895826749]" location="/Users/runner/work/chaosblade/chaosblade/target/cache/chaosblade-exec-os/main.go:125" uid=c3f032f895826749
time="2026-04-07 17:26:03.488008 CST" level=info msg="cpu count: 1, quota ratio: 1.000000" location="/Users/runner/work/chaosblade/chaosblade/target/cache/chaosblade-exec-os/exec/cpu/cpu.go:244" uid=c3f032f895826749
time="2026-04-07 17:26:03.488076 CST" level=fatal msg="get cpu usage fail, not implemented yet" location="/Users/runner/work/chaosblade/chaosblade/target/cache/chaosblade-exec-os/exec/cpu/cpu_darwin.go:30" uid=c3f032f895826749
time="2026-04-07 17:26:04.665318 CST" level=info msg="destroy by c3f032f895826749 uid, force-remove: false, target: " location="/Users/runner/work/chaosblade/chaosblade/cli/cmd/destroy.go:78" uid="<nil>"
time="2026-04-07 17:26:04.673243 CST" level=info msg="mode: destroy, target: cpu, action: fullload, flags map[cgroup-root:/sys/fs/cgroup channel:local climb-time: cpu-count:1 cpu-index: cpu-list: cpu-percent:30 debug: ns_mnt:false ns_net:false ns_pid:false ns_target: uid:c3f032f895826749]" location="/Users/runner/work/chaosblade/chaosblade/target/cache/chaosblade-exec-os/main.go:125" uid=c3f032f895826749
time="2026-04-07 17:26:35.437069 CST" level=info msg="mode: create, target: cpu, action: fullload, flags map[cgroup-root:/sys/fs/cgroup channel:local climb-time: cpu-count:1 cpu-index: cpu-list: cpu-percent:60 debug: ns_mnt:false ns_net:false ns_pid:false ns_target: uid:730a51470cffed74]" location="/Users/runner/work/chaosblade/chaosblade/target/cache/chaosblade-exec-os/main.go:125" uid=730a51470cffed74
time="2026-04-07 17:26:35.437355 CST" level=info msg="cpu count: 1, quota ratio: 1.000000" location="/Users/runner/work/chaosblade/chaosblade/target/cache/chaosblade-exec-os/exec/cpu/cpu.go:244" uid=730a51470cffed74
time="2026-04-07 17:26:35.437382 CST" level=fatal msg="get cpu usage fail, not implemented yet" location="/Users/runner/work/chaosblade/chaosblade/target/cache/chaosblade-exec-os/exec/cpu/cpu_darwin.go:30" uid=730a51470cffed74
time="2026-04-07 17:26:36.653256 CST" level=info msg="destroy by 730a51470cffed74 uid, force-remove: false, target: " location="/Users/runner/work/chaosblade/chaosblade/cli/cmd/destroy.go:78" uid="<nil>"
time="2026-04-07 17:26:36.659166 CST" level=info msg="mode: destroy, target: cpu, action: fullload, flags map[cgroup-root:/sys/fs/cgroup channel:local climb-time: cpu-count:1 cpu-index: cpu-list: cpu-percent:60 debug: ns_mnt:false ns_net:false ns_pid:false ns_target: uid:730a51470cffed74]" location="/Users/runner/work/chaosblade/chaosblade/target/cache/chaosblade-exec-os/main.go:125" uid=730a51470cffed74
time="2026-04-07 17:27:05.003594 CST" level=info msg="mode: create, target: cpu, action: fullload, flags map[cgroup-root:/sys/fs/cgroup channel:local climb-time: cpu-count:1 cpu-index: cpu-list: cpu-percent:95 debug: ns_mnt:false ns_net:false ns_pid:false ns_target: uid:43c79288199546ee]" location="/Users/runner/work/chaosblade/chaosblade/target/cache/chaosblade-exec-os/main.go:125" uid=43c79288199546ee
time="2026-04-07 17:27:05.003857 CST" level=info msg="cpu count: 1, quota ratio: 1.000000" location="/Users/runner/work/chaosblade/chaosblade/target/cache/chaosblade-exec-os/exec/cpu/cpu.go:244" uid=43c79288199546ee
time="2026-04-07 17:27:05.003883 CST" level=fatal msg="get cpu usage fail, not implemented yet" location="/Users/runner/work/chaosblade/chaosblade/target/cache/chaosblade-exec-os/exec/cpu/cpu_darwin.go:30" uid=43c79288199546ee
time="2026-04-07 17:27:06.220471 CST" level=info msg="destroy by 43c79288199546ee uid, force-remove: false, target: " location="/Users/runner/work/chaosblade/chaosblade/cli/cmd/destroy.go:78" uid="<nil>"
time="2026-04-07 17:27:06.226397 CST" level=info msg="mode: destroy, target: cpu, action: fullload, flags map[cgroup-root:/sys/fs/cgroup channel:local climb-time: cpu-count:1 cpu-index: cpu-list: cpu-percent:95 debug: ns_mnt:false ns_net:false ns_pid:false ns_target: uid:43c79288199546ee]" location="/Users/runner/work/chaosblade/chaosblade/target/cache/chaosblade-exec-os/main.go:125" uid=43c79288199546ee
time="2026-04-07 17:27:35.085414 CST" level=info msg="mode: create, target: cpu, action: fullload, flags map[cgroup-root:/sys/fs/cgroup channel:local climb-time: cpu-count:1 cpu-index: cpu-list: cpu-percent:95 debug: ns_mnt:false ns_net:false ns_pid:false ns_target: uid:22462e0790fa8587]" location="/Users/runner/work/chaosblade/chaosblade/target/cache/chaosblade-exec-os/main.go:125" uid=22462e0790fa8587
time="2026-04-07 17:27:35.085525 CST" level=info msg="cpu count: 1, quota ratio: 1.000000" location="/Users/runner/work/chaosblade/chaosblade/target/cache/chaosblade-exec-os/exec/cpu/cpu.go:244" uid=22462e0790fa8587
time="2026-04-07 17:27:35.085582 CST" level=fatal msg="get cpu usage fail, not implemented yet" location="/Users/runner/work/chaosblade/chaosblade/target/cache/chaosblade-exec-os/exec/cpu/cpu_darwin.go:30" uid=22462e0790fa8587
time="2026-04-07 17:27:36.279387 CST" level=info msg="destroy by 22462e0790fa8587 uid, force-remove: false, target: " location="/Users/runner/work/chaosblade/chaosblade/cli/cmd/destroy.go:78" uid="<nil>"
time="2026-04-07 17:27:36.284721 CST" level=info msg="mode: destroy, target: cpu, action: fullload, flags map[cgroup-root:/sys/fs/cgroup channel:local climb-time: cpu-count:1 cpu-index: cpu-list: cpu-percent:95 debug: ns_mnt:false ns_net:false ns_pid:false ns_target: uid:22462e0790fa8587]" location="/Users/runner/work/chaosblade/chaosblade/target/cache/chaosblade-exec-os/main.go:125" uid=22462e0790fa8587
