[INFO ] 2026-06-30 07:46:55,386 [main]  com.oltpbenchmark.DBWorkload main - ======================================================================

Benchmark:                       TPCC {com.oltpbenchmark.benchmarks.tpcc.TPCCBenchmark}
Configuration:                   /Users/neo/Documents/ecnu_courses/laboratory/TianYiYun/DB-MAGS/experiment_runs/chain_sweep/20260629-234649_4f9770/round_1/runtime_local_tpcc_10W_config.xml
Type:                            MYSQL
Driver:                          com.mysql.cj.jdbc.Driver
URL:                             jdbc:mysql://127.0.0.1:3306/tpcc_10W?rewriteBatchedStatements=true&allowPublicKeyRetrieval=True&sslMode=DISABLED
Isolation:                       TRANSACTION_SERIALIZABLE
Batch Size:                      128
DDL Path:                        null
Loader Threads:                  10
Session Setup File:              null
Scale Factor:                    1.0
Terminals:                       4
New Connection Per Txn:          false
Reconnect on Connection Failure: true

[INFO ] 2026-06-30 07:46:55,387 [main]  com.oltpbenchmark.DBWorkload main - ======================================================================
[INFO ] 2026-06-30 07:46:55,620 [main]  com.oltpbenchmark.DBWorkload runWorkload - Creating 4 virtual terminals...
[INFO ] 2026-06-30 07:46:55,632 [main]  com.oltpbenchmark.DBWorkload runWorkload - Launching the TPCC Benchmark with 1 Phase...
[INFO ] 2026-06-30 07:46:55,634 [main]  com.oltpbenchmark.ThreadBench runRateLimitedMultiPhase - [0;1mPHASE START[0;0m :: [Workload=TPCC] [Serial=false] [Time=1800] [WarmupTime=0] [Rate=10000.0] [Arrival=REGULAR] [Ratios=[45.0, 43.0, 4.0, 4.0, 4.0]] [ActiveWorkers=4]
[INFO ] 2026-06-30 07:46:55,634 [main]  com.oltpbenchmark.ThreadBench runRateLimitedMultiPhase - [0;1mMEASURE[0;0m :: Warmup complete, starting measurements.
