[INFO ] 2026-06-11 19:17:24,705 [main]  com.oltpbenchmark.DBWorkload main - ======================================================================

Benchmark:                       TPCC {com.oltpbenchmark.benchmarks.tpcc.TPCCBenchmark}
Configuration:                   /Users/neo/Documents/ecnu_courses/laboratory/TianYiYun/DB-MAGS/experiment_runs/traffic_surge_chain/20260611-110304_b5fa81/round_2/traffic_surge_burst_benchbase_burst_config.xml
Type:                            MYSQL
Driver:                          com.mysql.cj.jdbc.Driver
URL:                             jdbc:mysql://127.0.0.1:3306/tpcc_10W?rewriteBatchedStatements=true&allowPublicKeyRetrieval=True&sslMode=DISABLED
Isolation:                       TRANSACTION_SERIALIZABLE
Batch Size:                      128
DDL Path:                        null
Loader Threads:                  10
Session Setup File:              null
Scale Factor:                    1.0
Terminals:                       100
New Connection Per Txn:          false
Reconnect on Connection Failure: true

[INFO ] 2026-06-11 19:17:24,707 [main]  com.oltpbenchmark.DBWorkload main - ======================================================================
[INFO ] 2026-06-11 19:17:25,014 [main]  com.oltpbenchmark.DBWorkload runWorkload - Creating 100 virtual terminals...
[INFO ] 2026-06-11 19:17:25,313 [main]  com.oltpbenchmark.DBWorkload runWorkload - Launching the TPCC Benchmark with 1 Phase...
[INFO ] 2026-06-11 19:17:25,415 [main]  com.oltpbenchmark.ThreadBench runRateLimitedMultiPhase - [0;1mPHASE START[0;0m :: [Workload=TPCC] [Serial=false] [Time=15] [WarmupTime=0] [Rate=8000.0] [Arrival=REGULAR] [Ratios=[55.0, 35.0, 3.0, 5.0, 2.0]] [ActiveWorkers=100]
[INFO ] 2026-06-11 19:17:25,416 [main]  com.oltpbenchmark.ThreadBench runRateLimitedMultiPhase - [0;1mMEASURE[0;0m :: Warmup complete, starting measurements.
[INFO ] 2026-06-11 19:17:40,417 [main]  com.oltpbenchmark.ThreadBench runRateLimitedMultiPhase - [0;1mTERMINATE[0;0m :: Waiting for all terminals to finish ..
[INFO ] 2026-06-11 19:17:40,989 [Thread-100]  com.oltpbenchmark.ThreadBench run - Starting WatchDogThread
[INFO ] 2026-06-11 19:17:41,001 [main]  com.oltpbenchmark.DBWorkload runWorkload - ======================================================================
[INFO ] 2026-06-11 19:17:41,002 [main]  com.oltpbenchmark.DBWorkload runWorkload - Rate limited reqs/s: Results(state=EXIT, nanoSeconds=15000111500, measuredRequests=3497) = 233.1316003884371 requests/sec (throughput), 238.1982293931615 requests/sec (goodput)
[INFO ] 2026-06-11 19:17:41,025 [main]  com.oltpbenchmark.DBWorkload writeOutputs - Output Raw data into file: tpcc_2026-06-11_19-17-41.raw.csv
[INFO ] 2026-06-11 19:17:41,076 [main]  com.oltpbenchmark.DBWorkload writeOutputs - Output samples into file: tpcc_2026-06-11_19-17-41.samples.csv
[INFO ] 2026-06-11 19:17:41,086 [main]  com.oltpbenchmark.DBWorkload writeOutputs - Output summary data into file: tpcc_2026-06-11_19-17-41.summary.json
[INFO ] 2026-06-11 19:17:41,102 [main]  com.oltpbenchmark.DBWorkload writeOutputs - Output DBMS parameters into file: tpcc_2026-06-11_19-17-41.params.json
[INFO ] 2026-06-11 19:17:41,117 [main]  com.oltpbenchmark.DBWorkload writeOutputs - Output DBMS metrics into file: tpcc_2026-06-11_19-17-41.metrics.json
[INFO ] 2026-06-11 19:17:41,123 [main]  com.oltpbenchmark.DBWorkload writeOutputs - Output benchmark config into file: tpcc_2026-06-11_19-17-41.config.xml
[INFO ] 2026-06-11 19:17:41,172 [main]  com.oltpbenchmark.DBWorkload writeOutputs - Output results into file: tpcc_2026-06-11_19-17-41.results.csv with window size 5
[INFO ] 2026-06-11 19:17:41,196 [main]  com.oltpbenchmark.DBWorkload writeHistograms - ======================================================================
[INFO ] 2026-06-11 19:17:41,196 [main]  com.oltpbenchmark.DBWorkload writeHistograms - Workload Histograms:

[0;1mCompleted Transactions:[0;0m
com.oltpbenchmark.benchmarks.tpcc.procedures.NewOrder/01                         [1981] ********************************************************************************
com.oltpbenchmark.benchmarks.tpcc.procedures.Payment/02                          [1237] *************************************************
com.oltpbenchmark.benchmarks.tpcc.procedures.OrderStatus/03                      [ 110] ****
com.oltpbenchmark.benchmarks.tpcc.procedures.Delivery/04                         [ 184] *******
com.oltpbenchmark.benchmarks.tpcc.procedures.StockLevel/05                       [  61] **

[0;1mAborted Transactions:[0;0m
com.oltpbenchmark.benchmarks.tpcc.procedures.NewOrder/01                         [  22] ********************************************************************************

[0;1mRejected Transactions (Server Retry):[0;0m
com.oltpbenchmark.benchmarks.tpcc.procedures.NewOrder/01                         [   8] *************************
com.oltpbenchmark.benchmarks.tpcc.procedures.Payment/02                          [   1] ***
com.oltpbenchmark.benchmarks.tpcc.procedures.Delivery/04                         [  25] ********************************************************************************

[0;1mRejected Transactions (Retry Different):[0;0m
<EMPTY>

[0;1mUnexpected SQL Errors:[0;0m
<EMPTY>

[0;1mUnknown Status Transactions:[0;0m
<EMPTY>


[INFO ] 2026-06-11 19:17:41,197 [main]  com.oltpbenchmark.DBWorkload writeHistograms - ======================================================================
