[INFO ] 2026-06-11 16:49:48,574 [main]  com.oltpbenchmark.DBWorkload main - ======================================================================

Benchmark:                       TPCC {com.oltpbenchmark.benchmarks.tpcc.TPCCBenchmark}
Configuration:                   /Users/neo/Documents/ecnu_courses/laboratory/TianYiYun/DB-MAGS/experiment_runs/traffic_surge_chain/20260611-084217_1ea503/round_1/traffic_surge_tpcc_burst_benchbase_burst_config.xml
Type:                            MYSQL
Driver:                          com.mysql.cj.jdbc.Driver
URL:                             jdbc:mysql://127.0.0.1:3306/tpcc_10W?rewriteBatchedStatements=true&allowPublicKeyRetrieval=True&sslMode=DISABLED
Isolation:                       TRANSACTION_SERIALIZABLE
Batch Size:                      128
DDL Path:                        null
Loader Threads:                  10
Session Setup File:              null
Scale Factor:                    1.0
Terminals:                       4
New Connection Per Txn:          false
Reconnect on Connection Failure: true

[INFO ] 2026-06-11 16:49:48,576 [main]  com.oltpbenchmark.DBWorkload main - ======================================================================
[INFO ] 2026-06-11 16:49:48,906 [main]  com.oltpbenchmark.DBWorkload runWorkload - Creating 4 virtual terminals...
[INFO ] 2026-06-11 16:49:48,929 [main]  com.oltpbenchmark.DBWorkload runWorkload - Launching the TPCC Benchmark with 1 Phase...
[INFO ] 2026-06-11 16:49:48,933 [main]  com.oltpbenchmark.ThreadBench runRateLimitedMultiPhase - [0;1mPHASE START[0;0m :: [Workload=TPCC] [Serial=false] [Time=15] [WarmupTime=0] [Rate=10000.0] [Arrival=REGULAR] [Ratios=[45.0, 43.0, 4.0, 4.0, 4.0]] [ActiveWorkers=4]
[INFO ] 2026-06-11 16:49:48,933 [main]  com.oltpbenchmark.ThreadBench runRateLimitedMultiPhase - [0;1mMEASURE[0;0m :: Warmup complete, starting measurements.
[INFO ] 2026-06-11 16:50:03,934 [main]  com.oltpbenchmark.ThreadBench runRateLimitedMultiPhase - [0;1mTERMINATE[0;0m :: Waiting for all terminals to finish ..
[INFO ] 2026-06-11 16:50:03,963 [Thread-4]  com.oltpbenchmark.ThreadBench run - Starting WatchDogThread
[INFO ] 2026-06-11 16:50:03,968 [main]  com.oltpbenchmark.DBWorkload runWorkload - ======================================================================
[INFO ] 2026-06-11 16:50:03,968 [main]  com.oltpbenchmark.DBWorkload runWorkload - Rate limited reqs/s: Results(state=EXIT, nanoSeconds=15000047250, measuredRequests=1748) = 116.53296625448964 requests/sec (throughput), 116.33296688448765 requests/sec (goodput)
[INFO ] 2026-06-11 16:50:03,993 [main]  com.oltpbenchmark.DBWorkload writeOutputs - Output Raw data into file: tpcc_2026-06-11_16-50-03.raw.csv
[INFO ] 2026-06-11 16:50:04,034 [main]  com.oltpbenchmark.DBWorkload writeOutputs - Output samples into file: tpcc_2026-06-11_16-50-03.samples.csv
[INFO ] 2026-06-11 16:50:04,042 [main]  com.oltpbenchmark.DBWorkload writeOutputs - Output summary data into file: tpcc_2026-06-11_16-50-03.summary.json
[INFO ] 2026-06-11 16:50:04,058 [main]  com.oltpbenchmark.DBWorkload writeOutputs - Output DBMS parameters into file: tpcc_2026-06-11_16-50-03.params.json
[INFO ] 2026-06-11 16:50:04,077 [main]  com.oltpbenchmark.DBWorkload writeOutputs - Output DBMS metrics into file: tpcc_2026-06-11_16-50-03.metrics.json
[INFO ] 2026-06-11 16:50:04,081 [main]  com.oltpbenchmark.DBWorkload writeOutputs - Output benchmark config into file: tpcc_2026-06-11_16-50-03.config.xml
[INFO ] 2026-06-11 16:50:04,131 [main]  com.oltpbenchmark.DBWorkload writeOutputs - Output results into file: tpcc_2026-06-11_16-50-03.results.csv with window size 5
[INFO ] 2026-06-11 16:50:04,152 [main]  com.oltpbenchmark.DBWorkload writeHistograms - ======================================================================
[INFO ] 2026-06-11 16:50:04,152 [main]  com.oltpbenchmark.DBWorkload writeHistograms - Workload Histograms:

[0;1mCompleted Transactions:[0;0m
com.oltpbenchmark.benchmarks.tpcc.procedures.NewOrder/01                         [ 805] ********************************************************************************
com.oltpbenchmark.benchmarks.tpcc.procedures.Payment/02                          [ 749] **************************************************************************
com.oltpbenchmark.benchmarks.tpcc.procedures.OrderStatus/03                      [  69] ******
com.oltpbenchmark.benchmarks.tpcc.procedures.Delivery/04                         [  58] *****
com.oltpbenchmark.benchmarks.tpcc.procedures.StockLevel/05                       [  64] ******

[0;1mAborted Transactions:[0;0m
com.oltpbenchmark.benchmarks.tpcc.procedures.NewOrder/01                         [   7] ********************************************************************************

[0;1mRejected Transactions (Server Retry):[0;0m
com.oltpbenchmark.benchmarks.tpcc.procedures.NewOrder/01                         [   2] ********************************************************************************

[0;1mRejected Transactions (Retry Different):[0;0m
<EMPTY>

[0;1mUnexpected SQL Errors:[0;0m
<EMPTY>

[0;1mUnknown Status Transactions:[0;0m
<EMPTY>


[INFO ] 2026-06-11 16:50:04,152 [main]  com.oltpbenchmark.DBWorkload writeHistograms - ======================================================================
