[INFO ] 2026-06-11 19:09:50,595 [main]  com.oltpbenchmark.DBWorkload main - ======================================================================

Benchmark:                       TPCC {com.oltpbenchmark.benchmarks.tpcc.TPCCBenchmark}
Configuration:                   /Users/neo/Documents/ecnu_courses/laboratory/TianYiYun/DB-MAGS/experiment_runs/traffic_surge_chain/20260611-110304_b5fa81/round_1/traffic_surge_tpcc_burst_benchbase_burst_config.xml
Type:                            MYSQL
Driver:                          com.mysql.cj.jdbc.Driver
URL:                             jdbc:mysql://127.0.0.1:3306/tpcc_10W?rewriteBatchedStatements=true&allowPublicKeyRetrieval=True&sslMode=DISABLED
Isolation:                       TRANSACTION_SERIALIZABLE
Batch Size:                      128
DDL Path:                        null
Loader Threads:                  10
Session Setup File:              null
Scale Factor:                    1.0
Terminals:                       1
New Connection Per Txn:          false
Reconnect on Connection Failure: true

[INFO ] 2026-06-11 19:09:50,599 [main]  com.oltpbenchmark.DBWorkload main - ======================================================================
[INFO ] 2026-06-11 19:09:51,303 [main]  com.oltpbenchmark.DBWorkload runWorkload - Creating 1 virtual terminals...
[INFO ] 2026-06-11 19:09:51,339 [main]  com.oltpbenchmark.DBWorkload runWorkload - Launching the TPCC Benchmark with 1 Phase...
[INFO ] 2026-06-11 19:09:51,345 [main]  com.oltpbenchmark.ThreadBench runRateLimitedMultiPhase - [0;1mPHASE START[0;0m :: [Workload=TPCC] [Serial=false] [Time=15] [WarmupTime=0] [Rate=10000.0] [Arrival=REGULAR] [Ratios=[45.0, 43.0, 4.0, 4.0, 4.0]] [ActiveWorkers=1]
[INFO ] 2026-06-11 19:09:51,346 [main]  com.oltpbenchmark.ThreadBench runRateLimitedMultiPhase - [0;1mMEASURE[0;0m :: Warmup complete, starting measurements.
[INFO ] 2026-06-11 19:10:06,347 [main]  com.oltpbenchmark.ThreadBench runRateLimitedMultiPhase - [0;1mTERMINATE[0;0m :: Waiting for all terminals to finish ..
[INFO ] 2026-06-11 19:10:06,349 [Thread-1]  com.oltpbenchmark.ThreadBench run - Starting WatchDogThread
[INFO ] 2026-06-11 19:10:06,354 [main]  com.oltpbenchmark.DBWorkload runWorkload - ======================================================================
[INFO ] 2026-06-11 19:10:06,354 [main]  com.oltpbenchmark.DBWorkload runWorkload - Rate limited reqs/s: Results(state=EXIT, nanoSeconds=15000079625, measuredRequests=491) = 32.73315957481125 requests/sec (throughput), 32.6664932620316 requests/sec (goodput)
[INFO ] 2026-06-11 19:10:06,377 [main]  com.oltpbenchmark.DBWorkload writeOutputs - Output Raw data into file: tpcc_2026-06-11_19-10-06.raw.csv
[INFO ] 2026-06-11 19:10:06,398 [main]  com.oltpbenchmark.DBWorkload writeOutputs - Output samples into file: tpcc_2026-06-11_19-10-06.samples.csv
[INFO ] 2026-06-11 19:10:06,406 [main]  com.oltpbenchmark.DBWorkload writeOutputs - Output summary data into file: tpcc_2026-06-11_19-10-06.summary.json
[INFO ] 2026-06-11 19:10:06,416 [main]  com.oltpbenchmark.DBWorkload writeOutputs - Output DBMS parameters into file: tpcc_2026-06-11_19-10-06.params.json
[INFO ] 2026-06-11 19:10:06,431 [main]  com.oltpbenchmark.DBWorkload writeOutputs - Output DBMS metrics into file: tpcc_2026-06-11_19-10-06.metrics.json
[INFO ] 2026-06-11 19:10:06,439 [main]  com.oltpbenchmark.DBWorkload writeOutputs - Output benchmark config into file: tpcc_2026-06-11_19-10-06.config.xml
[INFO ] 2026-06-11 19:10:06,499 [main]  com.oltpbenchmark.DBWorkload writeOutputs - Output results into file: tpcc_2026-06-11_19-10-06.results.csv with window size 5
[INFO ] 2026-06-11 19:10:06,514 [main]  com.oltpbenchmark.DBWorkload writeHistograms - ======================================================================
[INFO ] 2026-06-11 19:10:06,514 [main]  com.oltpbenchmark.DBWorkload writeHistograms - Workload Histograms:

[0;1mCompleted Transactions:[0;0m
com.oltpbenchmark.benchmarks.tpcc.procedures.NewOrder/01                         [ 221] ********************************************************************************
com.oltpbenchmark.benchmarks.tpcc.procedures.Payment/02                          [ 206] **************************************************************************
com.oltpbenchmark.benchmarks.tpcc.procedures.OrderStatus/03                      [  23] ********
com.oltpbenchmark.benchmarks.tpcc.procedures.Delivery/04                         [  18] ******
com.oltpbenchmark.benchmarks.tpcc.procedures.StockLevel/05                       [  22] *******

[0;1mAborted Transactions:[0;0m
com.oltpbenchmark.benchmarks.tpcc.procedures.NewOrder/01                         [   2] ********************************************************************************

[0;1mRejected Transactions (Server Retry):[0;0m
<EMPTY>

[0;1mRejected Transactions (Retry Different):[0;0m
<EMPTY>

[0;1mUnexpected SQL Errors:[0;0m
<EMPTY>

[0;1mUnknown Status Transactions:[0;0m
<EMPTY>


[INFO ] 2026-06-11 19:10:06,515 [main]  com.oltpbenchmark.DBWorkload writeHistograms - ======================================================================
