[INFO ] 2026-06-08 20:15:12,647 [main]  com.oltpbenchmark.DBWorkload main - ======================================================================

Benchmark:                       TPCC {com.oltpbenchmark.benchmarks.tpcc.TPCCBenchmark}
Configuration:                   /Users/neo/Documents/ecnu_courses/laboratory/TianYiYun/DB-MAGS/experiment_runs/traffic_surge_chain/20260608-121506_c88a93/round_1/runtime_local_tpcc_10W_config.xml
Type:                            MYSQL
Driver:                          com.mysql.cj.jdbc.Driver
URL:                             jdbc:mysql://127.0.0.1:3306/tpcc_10W?rewriteBatchedStatements=true&allowPublicKeyRetrieval=True&sslMode=DISABLED
Isolation:                       TRANSACTION_SERIALIZABLE
Batch Size:                      128
DDL Path:                        null
Loader Threads:                  10
Session Setup File:              null
Scale Factor:                    1.0
Terminals:                       4
New Connection Per Txn:          false
Reconnect on Connection Failure: true

[INFO ] 2026-06-08 20:15:12,648 [main]  com.oltpbenchmark.DBWorkload main - ======================================================================
[INFO ] 2026-06-08 20:15:13,012 [main]  com.oltpbenchmark.DBWorkload runWorkload - Creating 4 virtual terminals...
[INFO ] 2026-06-08 20:15:13,028 [main]  com.oltpbenchmark.DBWorkload runWorkload - Launching the TPCC Benchmark with 1 Phase...
[INFO ] 2026-06-08 20:15:13,031 [main]  com.oltpbenchmark.ThreadBench runRateLimitedMultiPhase - [0;1mPHASE START[0;0m :: [Workload=TPCC] [Serial=false] [Time=180] [WarmupTime=0] [Rate=10000.0] [Arrival=REGULAR] [Ratios=[45.0, 43.0, 4.0, 4.0, 4.0]] [ActiveWorkers=4]
[INFO ] 2026-06-08 20:15:13,032 [main]  com.oltpbenchmark.ThreadBench runRateLimitedMultiPhase - [0;1mMEASURE[0;0m :: Warmup complete, starting measurements.
[INFO ] 2026-06-08 20:18:13,034 [main]  com.oltpbenchmark.ThreadBench runRateLimitedMultiPhase - [0;1mTERMINATE[0;0m :: Waiting for all terminals to finish ..
[INFO ] 2026-06-08 20:18:13,061 [Thread-4]  com.oltpbenchmark.ThreadBench run - Starting WatchDogThread
[INFO ] 2026-06-08 20:18:13,099 [main]  com.oltpbenchmark.DBWorkload runWorkload - ======================================================================
[INFO ] 2026-06-08 20:18:13,099 [main]  com.oltpbenchmark.DBWorkload runWorkload - Rate limited reqs/s: Results(state=EXIT, nanoSeconds=180000030000, measuredRequests=47476) = 263.7555115963036 requests/sec (throughput), 262.6499562250073 requests/sec (goodput)
[INFO ] 2026-06-08 20:18:13,114 [main]  com.oltpbenchmark.DBWorkload writeOutputs - Output Raw data into file: tpcc_2026-06-08_20-18-13.raw.csv
[INFO ] 2026-06-08 20:18:13,340 [main]  com.oltpbenchmark.DBWorkload writeOutputs - Output samples into file: tpcc_2026-06-08_20-18-13.samples.csv
[INFO ] 2026-06-08 20:18:13,365 [main]  com.oltpbenchmark.DBWorkload writeOutputs - Output summary data into file: tpcc_2026-06-08_20-18-13.summary.json
[INFO ] 2026-06-08 20:18:13,374 [main]  com.oltpbenchmark.DBWorkload writeOutputs - Output DBMS parameters into file: tpcc_2026-06-08_20-18-13.params.json
[INFO ] 2026-06-08 20:18:13,384 [main]  com.oltpbenchmark.DBWorkload writeOutputs - Output DBMS metrics into file: tpcc_2026-06-08_20-18-13.metrics.json
[INFO ] 2026-06-08 20:18:13,387 [main]  com.oltpbenchmark.DBWorkload writeOutputs - Output benchmark config into file: tpcc_2026-06-08_20-18-13.config.xml
[INFO ] 2026-06-08 20:18:13,410 [main]  com.oltpbenchmark.DBWorkload writeOutputs - Output results into file: tpcc_2026-06-08_20-18-13.results.csv with window size 5
[INFO ] 2026-06-08 20:18:13,451 [main]  com.oltpbenchmark.DBWorkload writeHistograms - ======================================================================
[INFO ] 2026-06-08 20:18:13,451 [main]  com.oltpbenchmark.DBWorkload writeHistograms - Workload Histograms:

[0;1mCompleted Transactions:[0;0m
com.oltpbenchmark.benchmarks.tpcc.procedures.NewOrder/01                         [21204] ********************************************************************************
com.oltpbenchmark.benchmarks.tpcc.procedures.Payment/02                          [20428] *****************************************************************************
com.oltpbenchmark.benchmarks.tpcc.procedures.OrderStatus/03                      [ 1953] *******
com.oltpbenchmark.benchmarks.tpcc.procedures.Delivery/04                         [ 1870] *******
com.oltpbenchmark.benchmarks.tpcc.procedures.StockLevel/05                       [ 1822] ******

[0;1mAborted Transactions:[0;0m
com.oltpbenchmark.benchmarks.tpcc.procedures.NewOrder/01                         [ 203] ********************************************************************************

[0;1mRejected Transactions (Server Retry):[0;0m
com.oltpbenchmark.benchmarks.tpcc.procedures.NewOrder/01                         [   1] ****
com.oltpbenchmark.benchmarks.tpcc.procedures.Delivery/04                         [  18] ********************************************************************************

[0;1mRejected Transactions (Retry Different):[0;0m
<EMPTY>

[0;1mUnexpected SQL Errors:[0;0m
<EMPTY>

[0;1mUnknown Status Transactions:[0;0m
<EMPTY>


[INFO ] 2026-06-08 20:18:13,451 [main]  com.oltpbenchmark.DBWorkload writeHistograms - ======================================================================
